---
source: tests/worktree_list.rs
expression: terminal.backend()
---
"┌Worktree selector─────────────────────────────────────────────────────────────────────────────────┐"
"│   Branch              Path                                                                       │"
"│                                                                                                  │"
"│ > worktree2           tmp/repo/worktree2/                                                        │"
"│   worktree1           tmp/repo/worktree1/                                                        │"
"│                                                                                                  │"
"│                                                                                                  │"
"│                                                                                                  │"
"│                                                                                                  │"
"│                                                                                                  │"
"│                                                                                                  │"
"│                                                                                                  │"
"│                                                                                                  │"
"│                                                                                                  │"
"│                                                                                                  │"
"│                                                                                                  │"
"│                                                                                                  │"
"│                                                                                                  │"
"│                                                                                                  │"
"└──────────────────────────────────────────────────────────────────────────────────────────────────┘"
